Microchip MPLAB XC8 Compiler V2.30

Linker command line:

-W-3 --edf=C:\Program Files\Microchip\xc8\v2.30\pic\dat\en_msgs.txt -cn \
  -h+dist/default/production\pic18f47q10-adcc-rgb-led-control-using-touch-sensors.X.production.sym \
  --cmf=dist/default/production\pic18f47q10-adcc-rgb-led-control-using-touch-sensors.X.production.cmf \
  -z -Q18F47Q10 -oC:\Users\I51005\AppData\Local\Temp\s2gjgx3 \
  --defsym=__MPLAB_BUILD=1 \
  -Mdist/default/production/pic18f47q10-adcc-rgb-led-control-using-touch-sensors.X.production.map \
  -E1 -ver=XC8 Compiler --acfsm=1493 -ASTACK=0140h-0CFFh -pstack=STACK \
  -ACODE=00h-01FFFFh -ACONST=00h-01FFFFh -ASMALLCONST=0F00h-0FFFhx497 \
  -AMEDIUMCONST=0F00h-0FFFFh,010F00h-01FFFFh -ACOMRAM=01h-05Fh \
  -AABS1=00h-0CFFh,0E00h-0E1Eh -ABIGRAM=01h-0CFFh,0E00h-0E1Eh \
  -ARAM=060h-0FFh,0100h-01FFhx12,0E00h-0E1Eh -ABANK0=060h-0FFh \
  -ABANK1=0100h-01FFh -ABANK2=0200h-02FFh -ABANK3=0300h-03FFh \
  -ABANK4=0400h-04FFh -ABANK5=0500h-05FFh -ABANK6=0600h-06FFh \
  -ABANK7=0700h-07FFh -ABANK8=0800h-08FFh -ABANK9=0900h-09FFh \
  -ABANK10=0A00h-0AFFh -ABANK11=0B00h-0BFFh -ABANK12=0C00h-0CFFh \
  -ABANK14=0E00h-0E1Eh -ASFR=0E1Fh-0EFFh,0F00h-0F5Fh,0F60h-0FFFh \
  -ACONFIG=0300000h-030000Bh -AIDLOC=0200000h-02000FFh \
  -AEEDATA=0310000h-03103FFh -peeprom_data=EEDATA \
  -preset_vec=00h,intcode=08h,intcodelo,powerup,init -pramtop=0F00h \
  -psmallconst=SMALLCONST -pmediumconst=MEDIUMCONST -pconst=CONST \
  -AFARRAM=00h-00h \
  -prdata=COMRAM,nvrram=COMRAM,nvbit=COMRAM,rbss=COMRAM,rbit=COMRAM \
  -pfarbss=FARRAM,fardata=FARRAM,nvFARRAM=FARRAM \
  -pintsave_regs=BIGRAM,bigbss=BIGRAM,bigdata=BIGRAM -pbss=RAM \
  -pidata=CODE,irdata=CODE,ibigdata=CODE,ifardata=CODE -prparam=COMRAM \
  C:\Users\I51005\AppData\Local\Temp\s2gjgx9.o \
  dist/default/production\pic18f47q10-adcc-rgb-led-control-using-touch-sensors.X.production.o 

Object code version is 3.11

Machine type is 18F47Q10



                Name                               Link     Load   Length Selector   Space Scale
C:\Users\I51005\AppData\Local\Temp\s2gjgx9.o
                idloc                            200000   200000      100        0       5
                config                           300000   300000        C        0       4
                init                                 BA       BA        4        4       0
                reset_vec                             0        0        4        0       0
dist/default/production\pic18f47q10-adcc-rgb-led-control-using-touch-sensors.X.production.o
                intcode                               8        8       B2        4       0
                idloc                            200000   200000      100        0       5
                config                           300000   300000        C        0       4
                temp                                 4A       4A        1        1       1
                smallconst                          F00      F00       34      780       0
                text102                            344E     344E       30      79A       0
                text101                            3710     3710       1E      79A       0
                text100                            36F0     36F0       20      79A       0
                text99                             315A     315A       40      79A       0
                text98                             1EBC     1EBC      148      79A       0
                text97                             37AA     37AA       10     1BBB       0
                text96                             3292     3292       3E      79A       0
                text95                             3254     3254       3E      79A       0
                text94                             2F70     2F70       4E      79A       0
                text93                             36D0     36D0       20      79A       0
                text92                             1B9E     1B9E      196      79A       0
                text91                             2346     2346      106      79A       0
                text90                             380A     380A        A     1BBB       0
                text89                             384E     384E        2     1C23       0
                text88                             33B4     33B4       36      79A       0
                text87                             384C     384C        2     1C23       0
                text86                             359A     359A       28      79A       0
                text85                             30D8     30D8       42      79A       0
                text84                             384A     384A        2     1C23       0
                text83                             3572     3572       28      79A       0
                text82                             3096     3096       42      79A       0
                text80                             37F2     37F2        E     1BBB       0
                text79                             37E4     37E4        E     1BBB       0
                text78                             37D6     37D6        E     1BBB       0
                text77                             2BA6     2BA6       66      79A       0
                text76                             383E     383E        4     1BBB       0
                text75                             354A     354A       28      79A       0
                text74                             2A5E     2A5E       72      79A       0
                text73                             2D88     2D88       56      79A       0
                text72                             330A     330A       3A      79A       0
                text71                             3522     3522       28      79A       0
                text70                             379A     379A       10     1BBB       0
                text69                             35E8     35E8       24      79A       0
                text68                             32D0     32D0       3A      79A       0
                text67                             2E82     2E82       52      79A       0
                text66                             2F22     2F22       4E      79A       0
                text65                             3820     3820        6     1BBB       0
                text64                             3788     3788       12     1BBB       0
                text63                             374A     374A       18      79A       0
                text62                             29E2     29E2       7C      79A       0
                text61                             372E     372E       1C      79A       0
                text60                             37C8     37C8        E     1BBB       0
                text59                             3050     3050       46      79A       0
                text58                             37BA     37BA        E     1BBB       0
                text57                             300A     300A       46      79A       0
                text56                             362E     362E       22      79A       0
                text55                             2004     2004      12A      79A       0
                text54                             337C     337C       38      79A       0
                text53                             26E2     26E2       AE      79A       0
                text52                             341E     341E       30      79A       0
                text51                             2CD4     2CD4       5E      79A       0
                text50                             212E     212E      110      79A       0
                text49                             383A     383A        4     1BBB       0
                text48                             3836     3836        4     1BBB       0
                text47                             36B0     36B0       20      79A       0
                text46                             3832     3832        4     1BBB       0
                text45                             34FA     34FA       28      79A       0
                text44                             3690     3690       20      79A       0
                text43                             382E     382E        4     1BBB       0
                text42                             34D2     34D2       28      79A       0
                text41                             2790     2790       A0      79A       0
                text40                             2618     2618       CA      79A       0
                text39                             2E30     2E30       52      79A       0
                text38                             2958     2958       8A      79A       0
                text37                             3776     3776       12     1BBB       0
                text36                              F34      F34      52A      79A       0
                text35                             28CC     28CC       8C      79A       0
                text34                             3344     3344       38      79A       0
                text33                             2B3C     2B3C       6A      79A       0
                text32                             1830     1830      1D8      79A       0
                text31                             3848     3848        2     1C23       0
                text30                             2830     2830       9C      79A       0
                text29                             223E     223E      108      79A       0
                text28                             2532     2532       E6      79A       0
                text27                             1D34     1D34      188      79A       0
                text26                             3216     3216       3E      79A       0
                text25                             31D8     31D8       3E      79A       0
                text24                             244C     244C       E6      79A       0
                text23                             360C     360C       22      79A       0
                text22                             382A     382A        4     1BBB       0
                text21                             319A     319A       3E      79A       0
                text20                             2ED4     2ED4       4E      79A       0
                text19                             3670     3670       20      79A       0
                text18                             3650     3650       20      79A       0
                text17                             1A08     1A08      196      79A       0
                text16                             2C70     2C70       64      79A       0
                text15                             3846     3846        2     1C23       0
                text14                             145E     145E      1F2      79A       0
                text13                             2D32     2D32       56      79A       0
                text12                             2DDE     2DDE       52      79A       0
                text11                             311A     311A       40      79A       0
                text10                             1650     1650      1E0      79A       0
                text9                              34AA     34AA       28      79A       0
                text8                              3800     3800        A     1BBB       0
                text7                              35C2     35C2       26      79A       0
                text6                              2C0C     2C0C       64      79A       0
                text5                              347E     347E       2C      79A       0
                text4                              381A     381A        6     1BBB       0
                text3                              3826     3826        4     1BBB       0
                text2                              2FBE     2FBE       4C      79A       0
                text1                              3814     3814        6     1BBB       0
                text0                              33EA     33EA       34      79A       0
                cstackCOMRAM                          1        1       34        1       1
                cstackBANK0                          A6       A6       34       60       1
                bssBANK1                            100      100       40      100       1
                dataBANK0                            DA       DA       13       60       1
                bssBANK0                             60       60       46       60       1
                dataCOMRAM                           47       47        3        1       1
                bssCOMRAM                            35       35        E        1       1
                cinit                              2AD0     2AD0       6C      79A       0
                nvBANK0                              ED       ED        9       60       1
                nvCOMRAM                             43       43        4        1       1
                idataBANK0                         3762     3762       13      79A       0
                idataCOMRAM                        3842     3842        3     1BBB       0

TOTAL           Name                               Link     Load   Length     Space
        CLASS   STACK          

        CLASS   CODE           
                intcode                               8        8       B2         0
                init                                 BA       BA        4         0
                reset_vec                             0        0        4         0
                text102                            344E     344E       30         0
                text101                            3710     3710       1E         0
                text100                            36F0     36F0       20         0
                text99                             315A     315A       40         0
                text98                             1EBC     1EBC      148         0
                text97                             37AA     37AA       10         0
                text96                             3292     3292       3E         0
                text95                             3254     3254       3E         0
                text94                             2F70     2F70       4E         0
                text93                             36D0     36D0       20         0
                text92                             1B9E     1B9E      196         0
                text91                             2346     2346      106         0
                text90                             380A     380A        A         0
                text89                             384E     384E        2         0
                text88                             33B4     33B4       36         0
                text87                             384C     384C        2         0
                text86                             359A     359A       28         0
                text85                             30D8     30D8       42         0
                text84                             384A     384A        2         0
                text83                             3572     3572       28         0
                text82                             3096     3096       42         0
                text80                             37F2     37F2        E         0
                text79                             37E4     37E4        E         0
                text78                             37D6     37D6        E         0
                text77                             2BA6     2BA6       66         0
                text76                             383E     383E        4         0
                text75                             354A     354A       28         0
                text74                             2A5E     2A5E       72         0
                text73                             2D88     2D88       56         0
                text72                             330A     330A       3A         0
                text71                             3522     3522       28         0
                text70                             379A     379A       10         0
                text69                             35E8     35E8       24         0
                text68                             32D0     32D0       3A         0
                text67                             2E82     2E82       52         0
                text66                             2F22     2F22       4E         0
                text65                             3820     3820        6         0
                text64                             3788     3788       12         0
                text63                             374A     374A       18         0
                text62                             29E2     29E2       7C         0
                text61                             372E     372E       1C         0
                text60                             37C8     37C8        E         0
                text59                             3050     3050       46         0
                text58                             37BA     37BA        E         0
                text57                             300A     300A       46         0
                text56                             362E     362E       22         0
                text55                             2004     2004      12A         0
                text54                             337C     337C       38         0
                text53                             26E2     26E2       AE         0
                text52                             341E     341E       30         0
                text51                             2CD4     2CD4       5E         0
                text50                             212E     212E      110         0
                text49                             383A     383A        4         0
                text48                             3836     3836        4         0
                text47                             36B0     36B0       20         0
                text46                             3832     3832        4         0
                text45                             34FA     34FA       28         0
                text44                             3690     3690       20         0
                text43                             382E     382E        4         0
                text42                             34D2     34D2       28         0
                text41                             2790     2790       A0         0
                text40                             2618     2618       CA         0
                text39                             2E30     2E30       52         0
                text38                             2958     2958       8A         0
                text37                             3776     3776       12         0
                text36                              F34      F34      52A         0
                text35                             28CC     28CC       8C         0
                text34                             3344     3344       38         0
                text33                             2B3C     2B3C       6A         0
                text32                             1830     1830      1D8         0
                text31                             3848     3848        2         0
                text30                             2830     2830       9C         0
                text29                             223E     223E      108         0
                text28                             2532     2532       E6         0
                text27                             1D34     1D34      188         0
                text26                             3216     3216       3E         0
                text25                             31D8     31D8       3E         0
                text24                             244C     244C       E6         0
                text23                             360C     360C       22         0
                text22                             382A     382A        4         0
                text21                             319A     319A       3E         0
                text20                             2ED4     2ED4       4E         0
                text19                             3670     3670       20         0
                text18                             3650     3650       20         0
                text17                             1A08     1A08      196         0
                text16                             2C70     2C70       64         0
                text15                             3846     3846        2         0
                text14                             145E     145E      1F2         0
                text13                             2D32     2D32       56         0
                text12                             2DDE     2DDE       52         0
                text11                             311A     311A       40         0
                text10                             1650     1650      1E0         0
                text9                              34AA     34AA       28         0
                text8                              3800     3800        A         0
                text7                              35C2     35C2       26         0
                text6                              2C0C     2C0C       64         0
                text5                              347E     347E       2C         0
                text4                              381A     381A        6         0
                text3                              3826     3826        4         0
                text2                              2FBE     2FBE       4C         0
                text1                              3814     3814        6         0
                text0                              33EA     33EA       34         0
                cinit                              2AD0     2AD0       6C         0
                idataBANK0                         3762     3762       13         0
                idataCOMRAM                        3842     3842        3         0

        CLASS   CONST          

        CLASS   SMALLCONST     
                smallconst                          F00      F00       34         0

        CLASS   MEDIUMCONST    

        CLASS   COMRAM         
                temp                                 4A       4A        1         1
                cstackCOMRAM                          1        1       34         1
                dataCOMRAM                           47       47        3         1
                bssCOMRAM                            35       35        E         1
                nvCOMRAM                             43       43        4         1

        CLASS   ABS1           

        CLASS   BIGRAM         

        CLASS   RAM            

        CLASS   BANK0          
                cstackBANK0                          A6       A6       34         1
                dataBANK0                            DA       DA       13         1
                bssBANK0                             60       60       46         1
                nvBANK0                              ED       ED        9         1

        CLASS   BANK1          
                bssBANK1                            100      100       40         1

        CLASS   BANK2          

        CLASS   BANK3          

        CLASS   BANK4          

        CLASS   BANK5          

        CLASS   BANK6          

        CLASS   BANK7          

        CLASS   BANK8          

        CLASS   BANK9          

        CLASS   BANK10         

        CLASS   BANK11         

        CLASS   BANK12         

        CLASS   BANK14         

        CLASS   SFR            

        CLASS   CONFIG         
                config                           300000   300000        C         4

        CLASS   IDLOC          
                idloc                            200000   200000      100         5

        CLASS   EEDATA         

        CLASS   FARRAM         



SEGMENTS        Name                           Load    Length   Top    Selector   Space  Class

                reset_vec                      000000  000004  000004         0       0  CODE    
                cstackCOMRAM                   000001  00004A  00004B         1       1  COMRAM  
                intcode                        000008  0000B6  0000BE         4       0  CODE    
                bssBANK0                       000060  000096  0000F6        60       1  BANK0   
                bssBANK1                       000100  000040  000140       100       1  BANK1   
                smallconst                     000F00  000034  000F34       780       0  SMALLCON
                text36                         000F34  002841  003775       79A       0  CODE    
                text37                         003776  0000CF  003845      1BBB       0  CODE    
                text15                         003846  00000A  003850      1C23       0  CODE    


UNUSED ADDRESS RANGES

        Name                Unused          Largest block    Delta
        BANK0            0000F6-0000FF                A
        BANK1            000140-0001FF               C0
        BANK10           000A00-000AFF              100
        BANK11           000B00-000BFF              100
        BANK12           000C00-000CFF              100
        BANK14           000E00-000E1E               1F
        BANK2            000200-0002FF              100
        BANK3            000300-0003FF              100
        BANK4            000400-0004FF              100
        BANK5            000500-0005FF              100
        BANK6            000600-0006FF              100
        BANK7            000700-0007FF              100
        BANK8            000800-0008FF              100
        BANK9            000900-0009FF              100
        BIGRAM           00004B-00005F               15
                         0000F6-0000FF                A
                         000140-000CFF              BC0
                         000E00-000E1E               1F
        CODE             000004-000007                4
                         0000BE-000EFF              E42
                         003775-003775                1
                         003845-003845                1
                         003850-01FFFF            1C7B0
        COMRAM           00004B-00005F               15
        CONST            000004-000007                4
                         0000BE-000EFF              E42
                         003775-003775                1
                         003845-003845                1
                         003850-01FFFF            1C7B0
        EEDATA           310000-3103FF              400
        MEDIUMCONST      003775-003775                1
                         003845-003845                1
                         003850-00FFFF             C7B0
                         010F00-01FFFF             F100
        RAM              0000F6-0000FF                A
                         000140-000CFF              100
                         000E00-000E1E               1F
        SFR              000E1F-000FFF               E1
        SMALLCONST       003775-003775                1
                         003845-003845                1
                         003850-01FFFF              100
        STACK            000140-000CFF              BC0

                                  Symbol Table

?_MTOUCH_Sensor_RawSample_Get                                     cstackCOMRAM 000016
?_TMR1_ReadTimer                                                  cstackCOMRAM 000016
?_TMR3_ReadTimer                                                  cstackCOMRAM 000016
?_abs                                                             cstackCOMRAM 000016
?_getColorMask                                                    cstackCOMRAM 000016
?_medianFilter                                                    cstackCOMRAM 000016
?i2_abs                                                           cstackCOMRAM 000001
ADCC_SetADTIInterruptHandler@InterruptHandler                     cstackCOMRAM 000016
Button_Baseline_Initialize@button                                 cstackCOMRAM 000019
Button_Baseline_Update@button                                     cstackCOMRAM 000016
Button_Deviation_Update@button                                    cstackCOMRAM 000016
Button_Deviation_Update@deviation                                 cstackCOMRAM 000022
Button_Reading_Update@button                                      cstackCOMRAM 00001D
Button_Reading_Update_Helper@button                               cstackCOMRAM 000019
Button_Service@button                                             cstackBANK0  0000D7
Button_Service@name                                               cstackBANK0  0000D6
Button_State_Initializing@button                                  cstackBANK0  0000CE
Button_State_NotPressed@button                                    cstackBANK0  0000CE
Button_State_Pressed@button                                       cstackBANK0  0000CE
Button_Tick_helper@button                                         cstackCOMRAM 000016
FillScreen@AColor                                                 cstackBANK0  0000B0
FillScreen@n                                                      cstackCOMRAM 000034
MTOUCH_Button_Initialize@button                                   cstackCOMRAM 000018
MTOUCH_Button_Initialize@name                                     cstackCOMRAM 000017
MTOUCH_Button_InitializeAll@button                                cstackCOMRAM 000021
MTOUCH_Button_ServiceAll@button                                   cstackBANK0  0000D9
MTOUCH_Button_SetNotPressedCallback@callback                      cstackCOMRAM 000016
MTOUCH_Button_SetPressedCallback@callback                         cstackCOMRAM 000016
MTOUCH_Button_Tick@i                                              cstackCOMRAM 00001A
MTOUCH_Sensor_Calibrate@sensor                                    cstackCOMRAM 000016
MTOUCH_Sensor_Enable@sensor                                       cstackCOMRAM 000016
MTOUCH_Sensor_Initialize@sensor                                   cstackCOMRAM 000018
MTOUCH_Sensor_InitializeAll@sensor                                cstackCOMRAM 000021
MTOUCH_Sensor_RawSample_Get@name                                  cstackCOMRAM 000018
MTOUCH_Sensor_Sampled_ResetAll@sensor                             cstackCOMRAM 000018
MTOUCH_Sensor_Service@sensor                                      cstackCOMRAM 00000E
MTOUCH_Sensor_isCalibrated@sensor                                 cstackCOMRAM 000016
MTOUCH_Sensor_isEnabled@sensor                                    cstackCOMRAM 000016
MTOUCH_Sensor_isSamplingComplete@sensor                           cstackCOMRAM 000020
MTOUCH_Sensor_postAcquisitionProcess@name                         cstackCOMRAM 000022
MTOUCH_Sensor_wasSampled@sensor                                   cstackCOMRAM 000016
RGBLed_InitDiode@ARGBColor                                        cstackCOMRAM 000019
RGBLed_InitDiode@AdiodeArray                                      cstackCOMRAM 00001D
RGBLed_SetColor@AdiodeArray                                       cstackCOMRAM 000016
RGBLed_SetColor@tempData                                          cstackCOMRAM 000018
RGBLed_SetDiode@AColor                                            cstackBANK0  0000A6
RGBLed_SetDiode@ANum                                              cstackCOMRAM 000032
RGBLed_SetDiode@AdiodeArray                                       cstackBANK0  0000AA
RGBLed_SetDiode@i                                                 cstackCOMRAM 000033
Sensor_FrequencyHopping_Autotune_Process@frequencyIndex           cstackCOMRAM 000029
Sensor_FrequencyHopping_Autotune_Process@maxVariance              cstackCOMRAM 000025
Sensor_FrequencyHopping_Autotune_Process@newfrequencyFound        cstackCOMRAM 000022
Sensor_FrequencyHopping_Autotune_Process@selectedFrequency        cstackCOMRAM 000028
Sensor_FrequencyHopping_Autotune_Process@sensor                   cstackCOMRAM 000027
Sensor_FrequencyHopping_Autotune_Process@variance                 cstackCOMRAM 000023
Sensor_FrequencyHopping_Autotune_Process@varianceOverLimitCounter bssBANK0     00006C
Sensor_RawSample_Update@result                                    cstackCOMRAM 000020
Sensor_RawSample_Update@sensor                                    cstackCOMRAM 00001E
Sensor_Sampled_Reset@sensor                                       cstackCOMRAM 000016
Sensor_SetTrisBit@TrisBit                                         cstackCOMRAM 000016
Sensor_SetTrisBit@sensor                                          cstackCOMRAM 000019
Sensor_autoCalibration@name                                       cstackCOMRAM 00000B
Sensor_autoCalibration@sensor                                     cstackCOMRAM 000005
Sensor_isCalibrated@sensor                                        cstackCOMRAM 000016
Sensor_isCalibratingAcqTime@sensor                                cstackCOMRAM 000016
Sensor_scheduleNextScan@sensor                                    cstackCOMRAM 00001E
Sensor_scheduleNextScan@skipScan                                  cstackCOMRAM 00001D
Sensor_scheduleNextScan@state                                     cstackCOMRAM 00001C
Sensor_setCalibratAcqTime@sensor                                  cstackCOMRAM 000001
Sensor_setCalibrated@sensor                                       cstackCOMRAM 000001
Sensor_setSampled@sensor                                          cstackCOMRAM 000001
TMR1_ReadTimer@readVal                                            cstackCOMRAM 00001A
TMR1_ReadTimer@readValHigh                                        cstackCOMRAM 00001C
TMR1_ReadTimer@readValLow                                         cstackCOMRAM 00001D
TMR1_SetInterruptHandler@InterruptHandler                         cstackCOMRAM 000016
TMR1_WriteTimer@timerVal                                          cstackCOMRAM 000016
TMR3_ReadTimer@readVal                                            cstackCOMRAM 00001A
TMR3_ReadTimer@readValHigh                                        cstackCOMRAM 00001C
TMR3_ReadTimer@readValLow                                         cstackCOMRAM 00001D
TMR3_SetInterruptHandler@InterruptHandler                         cstackCOMRAM 000016
TMR3_WriteTimer@timerVal                                          cstackCOMRAM 000016
_ADACC                                                            (abs)        000F6B
_ADACCH                                                           (abs)        000F6C
_ADACCL                                                           (abs)        000F6B
_ADACQ                                                            (abs)        000F57
_ADACT                                                            (abs)        000F51
_ADCAP                                                            (abs)        000F58
_ADCC_ADTI_InterruptHandler                                       nvBANK0      0000F3
_ADCC_DefaultInterruptHandler                                     text89       00384E
_ADCC_Initialize                                                  text77       002BA6
_ADCC_SetADTIInterruptHandler                                     text78       0037D6
_ADCC_ThresholdISR                                                text88       0033B4
_ADCC_ThresholdISR_mTouch                                         text90       00380A
_ADCLK                                                            (abs)        000F52
_ADCNT                                                            (abs)        000F62
_ADCON0                                                           (abs)        000F5B
_ADCON0bits                                                       (abs)        000F5B
_ADCON1                                                           (abs)        000F54
_ADCON1bits                                                       (abs)        000F54
_ADCON2                                                           (abs)        000F55
_ADCON2bits                                                       (abs)        000F55
_ADCON3                                                           (abs)        000F56
_ADCON3bits                                                       (abs)        000F56
_ADERRH                                                           (abs)        000F6A
_ADERRL                                                           (abs)        000F69
_ADFLTR                                                           (abs)        000F6D
_ADFLTRH                                                          (abs)        000F6E
_ADFLTRL                                                          (abs)        000F6D
_ADLTHH                                                           (abs)        000F66
_ADLTHL                                                           (abs)        000F65
_ADPCH                                                            (abs)        000F5A
_ADPRE                                                            (abs)        000F59
_ADPREVH                                                          (abs)        000F5D
_ADPREVL                                                          (abs)        000F5C
_ADREF                                                            (abs)        000F53
_ADRESH                                                           (abs)        000F5F
_ADRESL                                                           (abs)        000F5E
_ADRPT                                                            (abs)        000F61
_ADSTAT                                                           (abs)        000F60
_ADSTATbits                                                       (abs)        000F60
_ADSTPTH                                                          (abs)        000F64
_ADSTPTL                                                          (abs)        000F63
_ADUTHH                                                           (abs)        000F68
_ADUTHL                                                           (abs)        000F67
_ANSELA                                                           (abs)        000F0C
_ANSELB                                                           (abs)        000F14
_ANSELC                                                           (abs)        000F1C
_ANSELD                                                           (abs)        000F21
_ANSELE                                                           (abs)        000F29
_Button_Baseline_Initialize                                       text51       002CD4
_Button_Baseline_Update                                           text50       00212E
_Button_DefaultCallback                                           text31       003848
_Button_Deviation_Update                                          text55       002004
_Button_Reading_Update                                            text52       00341E
_Button_Reading_Update_Helper                                     text53       0026E2
_Button_Service                                                   text24       00244C
_Button_StateMachine                                              dataBANK0    0000DA
_Button_State_Initializing                                        text28       002532
_Button_State_NotPressed                                          text27       001D34
_Button_State_Pressed                                             text29       00223E
_Button_Tick_helper                                               text6        002C0C
_DiodeArray                                                       bssBANK1     000100
_FillScreen                                                       text34       003344
_GIE                                                              (abs)        007F97
_INLVLA                                                           (abs)        000F08
_INLVLB                                                           (abs)        000F10
_INLVLC                                                           (abs)        000F18
_INLVLD                                                           (abs)        000F1D
_INLVLE                                                           (abs)        000F25
_INTCONbits                                                       (abs)        000FF2
_INTERRUPT_Initialize                                             text76       00383E
_INTERRUPT_InterruptManager                                       intcode      000008
_LATA                                                             (abs)        000F82
_LATAbits                                                         (abs)        000F82
_LATB                                                             (abs)        000F83
_LATBbits                                                         (abs)        000F83
_LATC                                                             (abs)        000F84
_LATD                                                             (abs)        000F85
_LATDbits                                                         (abs)        000F85
_LATE                                                             (abs)        000F86
_MTOUCH_Button_Initialize                                         text74       002A5E
_MTOUCH_Button_InitializeAll                                      text72       00330A
_MTOUCH_Button_ServiceAll                                         text23       00360C
_MTOUCH_Button_SetNotPressedCallback                              text80       0037F2
_MTOUCH_Button_SetPressedCallback                                 text79       0037E4
_MTOUCH_Button_Tick                                               text5        00347E
_MTOUCH_Initialize                                                text64       003788
_MTOUCH_Sensor_ADCC_Initialize                                    text66       002F22
_MTOUCH_Sensor_Calibrate                                          text75       00354A
_MTOUCH_Sensor_Enable                                             text71       003522
_MTOUCH_Sensor_Initialize                                         text69       0035E8
_MTOUCH_Sensor_InitializeAll                                      text68       0032D0
_MTOUCH_Sensor_RawSample_Get                                      text54       00337C
_MTOUCH_Sensor_SampleAll                                          text7        0035C2
_MTOUCH_Sensor_Sampled_ResetAll                                   text67       002E82
_MTOUCH_Sensor_Scan_Initialize                                    text65       003820
_MTOUCH_Sensor_Service                                            text91       002346
_MTOUCH_Sensor_isCalibrated                                       text26       003216
_MTOUCH_Sensor_isEnabled                                          text21       00319A
_MTOUCH_Sensor_isSampling                                         text22       00382A
_MTOUCH_Sensor_isSamplingComplete                                 text16       002C70
_MTOUCH_Sensor_postAcquisitionProcess                             text12       002DDE
_MTOUCH_Sensor_wasSampled                                         text25       0031D8
_MTOUCH_Service_Mainloop                                          text2        002FBE
_MTOUCH_Tick                                                      text4        00381A
_MTOUCH_needReburst                                               text3        003826
_ODCONA                                                           (abs)        000F0A
_ODCONB                                                           (abs)        000F12
_ODCONC                                                           (abs)        000F1A
_ODCOND                                                           (abs)        000F1F
_ODCONE                                                           (abs)        000F27
_OSCCON1                                                          (abs)        000ED3
_OSCCON3                                                          (abs)        000ED5
_OSCEN                                                            (abs)        000ED7
_OSCFRQ                                                           (abs)        000ED9
_OSCILLATOR_Initialize                                            text63       00374A
_OSCTUNE                                                          (abs)        000ED8
_PIE1bits                                                         (abs)        000EBE
_PIE4bits                                                         (abs)        000EC1
_PIN_MANAGER_Initialize                                           text62       0029E2
_PIR1bits                                                         (abs)        000EC6
_PIR4bits                                                         (abs)        000EC9
_PMD0                                                             (abs)        000EDC
_PMD1                                                             (abs)        000EDD
_PMD2                                                             (abs)        000EDE
_PMD3                                                             (abs)        000EDF
_PMD4                                                             (abs)        000EE0
_PMD5                                                             (abs)        000EE1
_PMD_Initialize                                                   text61       00372E
_RGBLed_InitDiode                                                 text38       002958
_RGBLed_ResetDelay                                                text37       003776
_RGBLed_SetColor                                                  text36       000F34
_RGBLed_SetDiode                                                  text35       0028CC
_SLRCONA                                                          (abs)        000F09
_SLRCONB                                                          (abs)        000F11
_SLRCONC                                                          (abs)        000F19
_SLRCOND                                                          (abs)        000F1E
_SLRCONE                                                          (abs)        000F26
_SYSTEM_Initialize                                                text56       00362E
_Sensor_DefaultCallback                                           text15       003846
_Sensor_FrequencyHopping                                          text8        003800
_Sensor_FrequencyHopping_Autotune_Process                         text10       001650
_Sensor_RawSample_Update                                          text13       002D32
_Sensor_Sampled_Reset                                             text70       00379A
_Sensor_SetTrisBit                                                text20       002ED4
_Sensor_autoCalibration                                           text98       001EBC
_Sensor_isCalibrated                                              text19       003670
_Sensor_isCalibratingAcqTime                                      text18       003650
_Sensor_scheduleNextScan                                          text17       001A08
_Sensor_setCalibratAcqTime                                        text102      00344E
_Sensor_setCalibrated                                             text101      003710
_Sensor_setSamplePeriod                                           text9        0034AA
_Sensor_setSampled                                                text97       0037AA
_T1CLK                                                            (abs)        000FD1
_T1CON                                                            (abs)        000FCE
_T1CONbits                                                        (abs)        000FCE
_T1GATE                                                           (abs)        000FD0
_T1GCON                                                           (abs)        000FCF
_T1GCONbits                                                       (abs)        000FCF
_T3CLK                                                            (abs)        000FCB
_T3CON                                                            (abs)        000FC8
_T3CONbits                                                        (abs)        000FC8
_T3GATE                                                           (abs)        000FCA
_T3GCON                                                           (abs)        000FC9
_T3GCONbits                                                       (abs)        000FC9
_TMR1H                                                            (abs)        000FCD
_TMR1L                                                            (abs)        000FCC
_TMR1_DefaultInterruptHandler                                     text87       00384C
_TMR1_ISR                                                         text85       0030D8
_TMR1_Initialize                                                  text59       003050
_TMR1_InterruptHandler                                            nvBANK0      0000F0
_TMR1_ReadTimer                                                   text47       0036B0
_TMR1_SetInterruptHandler                                         text60       0037C8
_TMR1_StartTimer                                                  text49       00383A
_TMR1_StopTimer                                                   text46       003832
_TMR1_WriteTimer                                                  text45       0034FA
_TMR3H                                                            (abs)        000FC7
_TMR3L                                                            (abs)        000FC6
_TMR3_DefaultInterruptHandler                                     text84       00384A
_TMR3_ISR                                                         text82       003096
_TMR3_Initialize                                                  text57       00300A
_TMR3_InterruptHandler                                            nvBANK0      0000ED
_TMR3_ReadTimer                                                   text44       003690
_TMR3_SetInterruptHandler                                         text58       0037BA
_TMR3_StartTimer                                                  text48       003836
_TMR3_StopTimer                                                   text43       00382E
_TMR3_WriteTimer                                                  text42       0034D2
_TRISA                                                            (abs)        000F87
_TRISAbits                                                        (abs)        000F87
_TRISB                                                            (abs)        000F88
_TRISC                                                            (abs)        000F89
_TRISD                                                            (abs)        000F8A
_TRISDbits                                                        (abs)        000F8A
_TRISE                                                            (abs)        000F8B
_WPUA                                                             (abs)        000F0B
_WPUB                                                             (abs)        000F13
_WPUC                                                             (abs)        000F1B
_WPUD                                                             (abs)        000F20
_WPUE                                                             (abs)        000F28
__HRAM                                                            (abs)        000000
__Habs1                                                           abs1         000000
__Hbank0                                                          bank0        000000
__Hbank1                                                          bank1        000000
__Hbank10                                                         bank10       000000
__Hbank11                                                         bank11       000000
__Hbank12                                                         bank12       000000
__Hbank14                                                         bank14       000000
__Hbank2                                                          bank2        000000
__Hbank3                                                          bank3        000000
__Hbank4                                                          bank4        000000
__Hbank5                                                          bank5        000000
__Hbank6                                                          bank6        000000
__Hbank7                                                          bank7        000000
__Hbank8                                                          bank8        000000
__Hbank9                                                          bank9        000000
__Hbigbss                                                         bigbss       000000
__Hbigdata                                                        bigdata      000000
__Hbigram                                                         bigram       000000
__Hbss                                                            bss          000000
__HbssBANK0                                                       bssBANK0     000000
__HbssBANK1                                                       bssBANK1     000000
__HbssCOMRAM                                                      bssCOMRAM    000000
__Hcinit                                                          cinit        000000
__Hclrtext                                                        clrtext      000000
__Hcomram                                                         comram       000000
__Hconfig                                                         config       30000C
__Hconst                                                          const        000000
__HcstackBANK0                                                    cstackBANK0  000000
__HcstackCOMRAM                                                   cstackCOMRAM 000000
__Hdata                                                           data         000000
__HdataBANK0                                                      dataBANK0    000000
__HdataCOMRAM                                                     dataCOMRAM   000000
__Heeprom_data                                                    eeprom_data  000000
__Hfarbss                                                         farbss       000000
__Hfardata                                                        fardata      000000
__Hibigdata                                                       ibigdata     000000
__Hidata                                                          idata        000000
__HidataBANK0                                                     idataBANK0   000000
__HidataCOMRAM                                                    idataCOMRAM  000000
__Hidloc                                                          idloc        200100
__Hifardata                                                       ifardata     000000
__Hinit                                                           init         0000BE
__Hintcode                                                        intcode      0000BA
__Hintcode_body                                                   intcode_body 000000
__Hintcodelo                                                      intcodelo    0000BA
__Hintentry                                                       intentry     000000
__Hintret                                                         intret       000000
__Hintsave_regs                                                   intsave_regs 000000
__Hirdata                                                         irdata       000000
__Hmediumconst                                                    mediumconst  000000
__HnvBANK0                                                        nvBANK0      000000
__HnvCOMRAM                                                       nvCOMRAM     000000
__HnvFARRAM                                                       nvFARRAM     000000
__Hnvbit                                                          nvbit        000000
__Hnvrram                                                         nvrram       000000
__Hparam                                                          rparam       000000
__Hpowerup                                                        powerup      0000BA
__Hram                                                            ram          000000
__Hramtop                                                         ramtop       000F00
__Hrbit                                                           rbit         000000
__Hrbss                                                           rbss         000000
__Hrdata                                                          rdata        000000
__Hreset_vec                                                      reset_vec    000004
__Hrparam                                                         rparam       000000
__Hsfr                                                            sfr          000000
__Hsmallconst                                                     smallconst   000F34
__Hspace_0                                                        (abs)        003850
__Hspace_1                                                        (abs)        000140
__Hspace_2                                                        (abs)        000000
__Hspace_4                                                        (abs)        60000C
__Hstack                                                          stack        000000
__Hstruct                                                         struct       000000
__Htemp                                                           temp         00004B
__Htext                                                           text         000000
__Htext0                                                          text0        000000
__Htext1                                                          text1        000000
__Htext10                                                         text10       000000
__Htext100                                                        text100      000000
__Htext101                                                        text101      000000
__Htext102                                                        text102      000000
__Htext103                                                        text103      000000
__Htext11                                                         text11       000000
__Htext12                                                         text12       000000
__Htext13                                                         text13       000000
__Htext14                                                         text14       000000
__Htext15                                                         text15       000000
__Htext16                                                         text16       000000
__Htext17                                                         text17       000000
__Htext18                                                         text18       000000
__Htext19                                                         text19       000000
__Htext2                                                          text2        000000
__Htext20                                                         text20       000000
__Htext21                                                         text21       000000
__Htext22                                                         text22       000000
__Htext23                                                         text23       000000
__Htext24                                                         text24       000000
__Htext25                                                         text25       000000
__Htext26                                                         text26       000000
__Htext27                                                         text27       000000
__Htext28                                                         text28       000000
__Htext29                                                         text29       000000
__Htext3                                                          text3        000000
__Htext30                                                         text30       000000
__Htext31                                                         text31       000000
__Htext32                                                         text32       000000
__Htext33                                                         text33       000000
__Htext34                                                         text34       000000
__Htext35                                                         text35       000000
__Htext36                                                         text36       000000
__Htext37                                                         text37       000000
__Htext38                                                         text38       000000
__Htext39                                                         text39       000000
__Htext4                                                          text4        000000
__Htext40                                                         text40       000000
__Htext41                                                         text41       000000
__Htext42                                                         text42       000000
__Htext43                                                         text43       000000
__Htext44                                                         text44       000000
__Htext45                                                         text45       000000
__Htext46                                                         text46       000000
__Htext47                                                         text47       000000
__Htext48                                                         text48       000000
__Htext49                                                         text49       000000
__Htext5                                                          text5        000000
__Htext50                                                         text50       000000
__Htext51                                                         text51       000000
__Htext52                                                         text52       000000
__Htext53                                                         text53       000000
__Htext54                                                         text54       000000
__Htext55                                                         text55       000000
__Htext56                                                         text56       000000
__Htext57                                                         text57       000000
__Htext58                                                         text58       000000
__Htext59                                                         text59       000000
__Htext6                                                          text6        000000
__Htext60                                                         text60       000000
__Htext61                                                         text61       000000
__Htext62                                                         text62       000000
__Htext63                                                         text63       000000
__Htext64                                                         text64       000000
__Htext65                                                         text65       000000
__Htext66                                                         text66       000000
__Htext67                                                         text67       000000
__Htext68                                                         text68       000000
__Htext69                                                         text69       000000
__Htext7                                                          text7        000000
__Htext70                                                         text70       000000
__Htext71                                                         text71       000000
__Htext72                                                         text72       000000
__Htext73                                                         text73       000000
__Htext74                                                         text74       000000
__Htext75                                                         text75       000000
__Htext76                                                         text76       000000
__Htext77                                                         text77       000000
__Htext78                                                         text78       000000
__Htext79                                                         text79       000000
__Htext8                                                          text8        000000
__Htext80                                                         text80       000000
__Htext82                                                         text82       000000
__Htext83                                                         text83       000000
__Htext84                                                         text84       000000
__Htext85                                                         text85       000000
__Htext86                                                         text86       000000
__Htext87                                                         text87       000000
__Htext88                                                         text88       000000
__Htext89                                                         text89       000000
__Htext9                                                          text9        000000
__Htext90                                                         text90       000000
__Htext91                                                         text91       000000
__Htext92                                                         text92       000000
__Htext93                                                         text93       000000
__Htext94                                                         text94       000000
__Htext95                                                         text95       000000
__Htext96                                                         text96       000000
__Htext97                                                         text97       000000
__Htext98                                                         text98       000000
__Htext99                                                         text99       000000
__LRAM                                                            (abs)        000001
__Labs1                                                           abs1         000000
__Lbank0                                                          bank0        000000
__Lbank1                                                          bank1        000000
__Lbank10                                                         bank10       000000
__Lbank11                                                         bank11       000000
__Lbank12                                                         bank12       000000
__Lbank14                                                         bank14       000000
__Lbank2                                                          bank2        000000
__Lbank3                                                          bank3        000000
__Lbank4                                                          bank4        000000
__Lbank5                                                          bank5        000000
__Lbank6                                                          bank6        000000
__Lbank7                                                          bank7        000000
__Lbank8                                                          bank8        000000
__Lbank9                                                          bank9        000000
__Lbigbss                                                         bigbss       000000
__Lbigdata                                                        bigdata      000000
__Lbigram                                                         bigram       000000
__Lbss                                                            bss          000000
__LbssBANK0                                                       bssBANK0     000000
__LbssBANK1                                                       bssBANK1     000000
__LbssCOMRAM                                                      bssCOMRAM    000000
__Lcinit                                                          cinit        000000
__Lclrtext                                                        clrtext      000000
__Lcomram                                                         comram       000000
__Lconfig                                                         config       000000
__Lconst                                                          const        000000
__LcstackBANK0                                                    cstackBANK0  000000
__LcstackCOMRAM                                                   cstackCOMRAM 000000
__Ldata                                                           data         000000
__LdataBANK0                                                      dataBANK0    000000
__LdataCOMRAM                                                     dataCOMRAM   000000
__Leeprom_data                                                    eeprom_data  000000
__Lfarbss                                                         farbss       000000
__Lfardata                                                        fardata      000000
__Libigdata                                                       ibigdata     000000
__Lidata                                                          idata        000000
__LidataBANK0                                                     idataBANK0   000000
__LidataCOMRAM                                                    idataCOMRAM  000000
__Lidloc                                                          idloc        000000
__Lifardata                                                       ifardata     000000
__Linit                                                           init         0000BA
__Lintcode                                                        intcode      000008
__Lintcode_body                                                   intcode_body 000000
__Lintcodelo                                                      intcodelo    0000BA
__Lintentry                                                       intentry     000000
__Lintret                                                         intret       000000
__Lintsave_regs                                                   intsave_regs 000000
__Lirdata                                                         irdata       000000
__Lmediumconst                                                    mediumconst  000000
__LnvBANK0                                                        nvBANK0      000000
__LnvCOMRAM                                                       nvCOMRAM     000000
__LnvFARRAM                                                       nvFARRAM     000000
__Lnvbit                                                          nvbit        000000
__Lnvrram                                                         nvrram       000000
__Lparam                                                          rparam       000000
__Lpowerup                                                        powerup      0000BA
__Lram                                                            ram          000000
__Lramtop                                                         ramtop       000F00
__Lrbit                                                           rbit         000000
__Lrbss                                                           rbss         000000
__Lrdata                                                          rdata        000000
__Lreset_vec                                                      reset_vec    000000
__Lrparam                                                         rparam       000000
__Lsfr                                                            sfr          000000
__Lsmallconst                                                     smallconst   000F00
__Lspace_0                                                        (abs)        000000
__Lspace_1                                                        (abs)        000000
__Lspace_2                                                        (abs)        000000
__Lspace_4                                                        (abs)        000000
__Lstack                                                          stack        000000
__Lstruct                                                         struct       000000
__Ltemp                                                           temp         00004A
__Ltext                                                           text         000000
__Ltext0                                                          text0        000000
__Ltext1                                                          text1        000000
__Ltext10                                                         text10       000000
__Ltext100                                                        text100      000000
__Ltext101                                                        text101      000000
__Ltext102                                                        text102      000000
__Ltext103                                                        text103      000000
__Ltext11                                                         text11       000000
__Ltext12                                                         text12       000000
__Ltext13                                                         text13       000000
__Ltext14                                                         text14       000000
__Ltext15                                                         text15       000000
__Ltext16                                                         text16       000000
__Ltext17                                                         text17       000000
__Ltext18                                                         text18       000000
__Ltext19                                                         text19       000000
__Ltext2                                                          text2        000000
__Ltext20                                                         text20       000000
__Ltext21                                                         text21       000000
__Ltext22                                                         text22       000000
__Ltext23                                                         text23       000000
__Ltext24                                                         text24       000000
__Ltext25                                                         text25       000000
__Ltext26                                                         text26       000000
__Ltext27                                                         text27       000000
__Ltext28                                                         text28       000000
__Ltext29                                                         text29       000000
__Ltext3                                                          text3        000000
__Ltext30                                                         text30       000000
__Ltext31                                                         text31       000000
__Ltext32                                                         text32       000000
__Ltext33                                                         text33       000000
__Ltext34                                                         text34       000000
__Ltext35                                                         text35       000000
__Ltext36                                                         text36       000000
__Ltext37                                                         text37       000000
__Ltext38                                                         text38       000000
__Ltext39                                                         text39       000000
__Ltext4                                                          text4        000000
__Ltext40                                                         text40       000000
__Ltext41                                                         text41       000000
__Ltext42                                                         text42       000000
__Ltext43                                                         text43       000000
__Ltext44                                                         text44       000000
__Ltext45                                                         text45       000000
__Ltext46                                                         text46       000000
__Ltext47                                                         text47       000000
__Ltext48                                                         text48       000000
__Ltext49                                                         text49       000000
__Ltext5                                                          text5        000000
__Ltext50                                                         text50       000000
__Ltext51                                                         text51       000000
__Ltext52                                                         text52       000000
__Ltext53                                                         text53       000000
__Ltext54                                                         text54       000000
__Ltext55                                                         text55       000000
__Ltext56                                                         text56       000000
__Ltext57                                                         text57       000000
__Ltext58                                                         text58       000000
__Ltext59                                                         text59       000000
__Ltext6                                                          text6        000000
__Ltext60                                                         text60       000000
__Ltext61                                                         text61       000000
__Ltext62                                                         text62       000000
__Ltext63                                                         text63       000000
__Ltext64                                                         text64       000000
__Ltext65                                                         text65       000000
__Ltext66                                                         text66       000000
__Ltext67                                                         text67       000000
__Ltext68                                                         text68       000000
__Ltext69                                                         text69       000000
__Ltext7                                                          text7        000000
[...]
		i2_Sensor_scheduleNextScan
 This function uses a non-reentrant model


 *************** function i2_Sensor_SetTrisBit *****************
 Defined at:
		line 212 in file "mcc_generated_files/mtouch/mtouch_sensor.c"
 Parameters:    Size  Location     Type
  sensor          1    wreg     enum E12860
  TrisBit         1    0[COMRAM] unsigned char 
 Auto vars:     Size  Location     Type
  sensor          1    3[COMRAM] enum E12860
 Return value:  Size  Location     Type
                  1    wreg      void 
 Registers used:
		wreg, status,2, status,0
 Tracked objects:
		On entry : 
		On exit  : 
		Unchanged: 
 Data sizes:     COMRAM   BANK0   BANK1   BANK2   BANK3   BANK4   BANK5   BANK6   BANK7   BANK8   BANK9  BANK10  BANK11  BANK12  BANK14
      Params:         1       0       0       0       0       0       0       0       0       0       0       0       0       0       0
      Locals:         1       0       0       0       0       0       0       0       0       0       0       0       0       0       0
      Temps:          2       0       0       0       0       0       0       0       0       0       0       0       0       0       0
      Totals:         4       0       0       0       0       0       0       0       0       0       0       0       0       0       0
Total ram usage:        4 bytes
 Hardware stack levels used:    1
 This function calls:
		Nothing
 This function is called by:
		_MTOUCH_Sensor_Service
		i2_Sensor_scheduleNextScan
 This function uses a non-reentrant model


 *************** function i2_MTOUCH_Sensor_wasSampled *****************
 Defined at:
		line 877 in file "mcc_generated_files/mtouch/mtouch_sensor.c"
 Parameters:    Size  Location     Type
  sensor          1    wreg     enum E12860
 Auto vars:     Size  Location     Type
  sensor          1    0[COMRAM] enum E12860
 Return value:  Size  Location     Type
                  1    wreg      _Bool 
 Registers used:
		wreg, fsr2l, fsr2h, status,2, status,0, prodl, prodh
 Tracked objects:
		On entry : 
		On exit  : 
		Unchanged: 
 Data sizes:     COMRAM   BANK0   BANK1   BANK2   BANK3   BANK4   BANK5   BANK6   BANK7   BANK8   BANK9  BANK10  BANK11  BANK12  BANK14
      Params:         0       0       0       0       0       0       0       0       0       0       0       0       0       0       0
      Locals:         1       0       0       0       0       0       0       0       0       0       0       0       0       0       0
      Temps:          0       0       0       0       0       0       0       0       0       0       0       0       0       0       0
      Totals:         1       0       0       0       0       0       0       0       0       0       0       0       0       0       0
Total ram usage:        1 bytes
 Hardware stack levels used:    1
 This function calls:
		Nothing
 This function is called by:
		i2_Sensor_scheduleNextScan
 This function uses a non-reentrant model


 *************** function i2_MTOUCH_Sensor_isEnabled *****************
 Defined at:
		line 765 in file "mcc_generated_files/mtouch/mtouch_sensor.c"
 Parameters:    Size  Location     Type
  sensor          1    wreg     enum E12860
 Auto vars:     Size  Location     Type
  sensor          1    0[COMRAM] enum E12860
 Return value:  Size  Location     Type
                  1    wreg      _Bool 
 Registers used:
		wreg, fsr2l, fsr2h, status,2, status,0, prodl, prodh
 Tracked objects:
		On entry : 
		On exit  : 
		Unchanged: 
 Data sizes:     COMRAM   BANK0   BANK1   BANK2   BANK3   BANK4   BANK5   BANK6   BANK7   BANK8   BANK9  BANK10  BANK11  BANK12  BANK14
      Params:         0       0       0       0       0       0       0       0       0       0       0       0       0       0       0
      Locals:         1       0       0       0       0       0       0       0       0       0       0       0       0       0       0
      Temps:          0       0       0       0       0       0       0       0       0       0       0       0       0       0       0
      Totals:         1       0       0       0       0       0       0       0       0       0       0       0       0       0       0
Total ram usage:        1 bytes
 Hardware stack levels used:    1
 This function calls:
		Nothing
 This function is called by:
		i2_Sensor_scheduleNextScan
 This function uses a non-reentrant model


 *************** function _Sensor_setSampled *****************
 Defined at:
		line 890 in file "mcc_generated_files/mtouch/mtouch_sensor.c"
 Parameters:    Size  Location     Type
  sensor          2    0[COMRAM] PTR struct .
		 -> mtouch_sensor(18), 
 Auto vars:     Size  Location     Type
		None
 Return value:  Size  Location     Type
                  1    wreg      void 
 Registers used:
		wreg, fsr2l, fsr2h, status,2, status,0
 Tracked objects:
		On entry : 
		On exit  : 
		Unchanged: 
 Data sizes:     COMRAM   BANK0   BANK1   BANK2   BANK3   BANK4   BANK5   BANK6   BANK7   BANK8   BANK9  BANK10  BANK11  BANK12  BANK14
      Params:         2       0       0       0       0       0       0       0       0       0       0       0       0       0       0
      Locals:         0       0       0       0       0       0       0       0       0       0       0       0       0       0       0
      Temps:          0       0       0       0       0       0       0       0       0       0       0       0       0       0       0
      Totals:         2       0       0       0       0       0       0       0       0       0       0       0       0       0       0
Total ram usage:        2 bytes
 Hardware stack levels used:    1
 This function calls:
		Nothing
 This function is called by:
		_MTOUCH_Sensor_Service
 This function uses a non-reentrant model


 *************** function _Sensor_autoCalibration *****************
 Defined at:
		line 425 in file "mcc_generated_files/mtouch/mtouch_sensor.c"
 Parameters:    Size  Location     Type
  sensor          2    4[COMRAM] PTR struct .
		 -> mtouch_sensor(18), 
 Auto vars:     Size  Location     Type
  name            1   10[COMRAM] enum E12860
 Return value:  Size  Location     Type
                  1    wreg      enum E12863
 Registers used:
		wreg, fsr2l, fsr2h, status,2, status,0, prodl, prodh, cstack
 Tracked objects:
		On entry : 
		On exit  : 
		Unchanged: 
 Data sizes:     COMRAM   BANK0   BANK1   BANK2   BANK3   BANK4   BANK5   BANK6   BANK7   BANK8   BANK9  BANK10  BANK11  BANK12  BANK14
      Params:         2       0       0       0       0       0       0       0       0       0       0       0       0       0       0
      Locals:         1       0       0       0       0       0       0       0       0       0       0       0       0       0       0
      Temps:          4       0       0       0       0       0       0       0       0       0       0       0       0       0       0
      Totals:         7       0       0       0       0       0       0       0       0       0       0       0       0       0       0
Total ram usage:        7 bytes
 Hardware stack levels used:    1
 Hardware stack levels required when called:    1
 This function calls:
		_Sensor_setCalibratAcqTime
		_Sensor_setCalibrated
		i2_Sensor_isCalibratingAcqTime
		i2_abs
 This function is called by:
		_MTOUCH_Sensor_Service
 This function uses a non-reentrant model


 *************** function i2_abs *****************
 Defined at:
		line 1 in file "C:\Program Files\Microchip\xc8\v2.30\pic\sources\c99\common\abs.c"
 Parameters:    Size  Location     Type
  a               2    0[COMRAM] int 
 Auto vars:     Size  Location     Type
		None
 Return value:  Size  Location     Type
                  2    0[COMRAM] int 
 Registers used:
		wreg, status,2, status,0
 Tracked objects:
		On entry : 
		On exit  : 
		Unchanged: 
 Data sizes:     COMRAM   BANK0   BANK1   BANK2   BANK3   BANK4   BANK5   BANK6   BANK7   BANK8   BANK9  BANK10  BANK11  BANK12  BANK14
      Params:         2       0       0       0       0       0       0       0       0       0       0       0       0       0       0
      Locals:         0       0       0       0       0       0       0       0       0       0       0       0       0       0       0
      Temps:          2       0       0       0       0       0       0       0       0       0       0       0       0       0       0
      Totals:         4       0       0       0       0       0       0       0       0       0       0       0       0       0       0
Total ram usage:        4 bytes
 Hardware stack levels used:    1
 This function calls:
		Nothing
 This function is called by:
		_Sensor_autoCalibration
		_MTOUCH_Sensor_Service
 This function uses a non-reentrant model


 *************** function i2_Sensor_isCalibratingAcqTime *****************
 Defined at:
		line 855 in file "mcc_generated_files/mtouch/mtouch_sensor.c"
 Parameters:    Size  Location     Type
  sensor          2    0[COMRAM] PTR struct .
		 -> mtouch_sensor(18), 
 Auto vars:     Size  Location     Type
		None
 Return value:  Size  Location     Type
                  1    wreg      _Bool 
 Registers used:
		wreg, fsr2l, fsr2h, status,2, status,0
 Tracked objects:
		On entry : 
		On exit  : 
		Unchanged: 
 Data sizes:     COMRAM   BANK0   BANK1   BANK2   BANK3   BANK4   BANK5   BANK6   BANK7   BANK8   BANK9  BANK10  BANK11  BANK12  BANK14
      Params:         2       0       0       0       0       0       0       0       0       0       0       0       0       0       0
      Locals:         0       0       0       0       0       0       0       0       0       0       0       0       0       0       0
      Temps:          0       0       0       0       0       0       0       0       0       0       0       0       0       0       0
      Totals:         2       0       0       0       0       0       0       0       0       0       0       0       0       0       0
Total ram usage:        2 bytes
 Hardware stack levels used:    1
 This function calls:
		Nothing
 This function is called by:
		_Sensor_autoCalibration
		i2_Sensor_scheduleNextScan
 This function uses a non-reentrant model


 *************** function _Sensor_setCalibrated *****************
 Defined at:
		line 842 in file "mcc_generated_files/mtouch/mtouch_sensor.c"
 Parameters:    Size  Location     Type
  sensor          2    0[COMRAM] PTR struct .
		 -> mtouch_sensor(18), 
 Auto vars:     Size  Location     Type
		None
 Return value:  Size  Location     Type
                  1    wreg      void 
 Registers used:
		wreg, fsr2l, fsr2h, status,2, status,0
 Tracked objects:
		On entry : 
		On exit  : 
		Unchanged: 
 Data sizes:     COMRAM   BANK0   BANK1   BANK2   BANK3   BANK4   BANK5   BANK6   BANK7   BANK8   BANK9  BANK10  BANK11  BANK12  BANK14
      Params:         2       0       0       0       0       0       0       0       0       0       0       0       0       0       0
      Locals:         0       0       0       0       0       0       0       0       0       0       0       0       0       0       0
      Temps:          0       0       0       0       0       0       0       0       0       0       0       0       0       0       0
      Totals:         2       0       0       0       0       0       0       0       0       0       0       0       0       0       0
Total ram usage:        2 bytes
 Hardware stack levels used:    1
 This function calls:
		Nothing
 This function is called by:
		_Sensor_autoCalibration
 This function uses a non-reentrant model


 *************** function _Sensor_setCalibratAcqTime *****************
 Defined at:
		line 848 in file "mcc_generated_files/mtouch/mtouch_sensor.c"
 Parameters:    Size  Location     Type
  sensor          2    0[COMRAM] PTR struct .
		 -> mtouch_sensor(18), 
 Auto vars:     Size  Location     Type
		None
 Return value:  Size  Location     Type
                  1    wreg      void 
 Registers used:
		wreg, fsr2l, fsr2h, status,2, status,0
 Tracked objects:
		On entry : 
		On exit  : 
		Unchanged: 
 Data sizes:     COMRAM   BANK0   BANK1   BANK2   BANK3   BANK4   BANK5   BANK6   BANK7   BANK8   BANK9  BANK10  BANK11  BANK12  BANK14
      Params:         2       0       0       0       0       0       0       0       0       0       0       0       0       0       0
      Locals:         0       0       0       0       0       0       0       0       0       0       0       0       0       0       0
      Temps:          0       0       0       0       0       0       0       0       0       0       0       0       0       0       0
      Totals:         2       0       0       0       0       0       0       0       0       0       0       0       0       0       0
Total ram usage:        2 bytes
 Hardware stack levels used:    1
 This function calls:
		Nothing
 This function is called by:
		_Sensor_autoCalibration
 This function uses a non-reentrant model



MODULE INFORMATION

Module		Function		Class		Link	Load	Size
mcc_generated_files/mtouch/mtouch_button.c
		_Button_Deviation_Update		CODE           	2004	0000	298
		_MTOUCH_Button_SetNotPressedCallback		CODE           	37F2	0000	14
		_MTOUCH_Button_Initialize		CODE           	2A5E	0000	114
		_Button_Tick_helper		CODE           	2C0C	0000	100
		_MTOUCH_Button_InitializeAll		CODE           	330A	0000	58
		_Button_Baseline_Update		CODE           	212E	0000	272
		_Button_State_Pressed		CODE           	223E	0000	264
		_Button_Reading_Update		CODE           	341E	0000	48
		_Button_DefaultCallback		CODE           	3848	0000	2
		_MTOUCH_Button_Tick		CODE           	347E	0000	44
		_Button_State_NotPressed		CODE           	1D34	0000	392
		_MTOUCH_Button_SetPressedCallback		CODE           	37E4	0000	14
		_Button_Reading_Update_Helper		CODE           	26E2	0000	174
		_Button_Service		CODE           	244C	0000	230
		_Button_State_Initializing		CODE           	2532	0000	230
		_MTOUCH_Button_ServiceAll		CODE           	360C	0000	34
		_Button_Baseline_Initialize		CODE           	2CD4	0000	94

mcc_generated_files/mtouch/mtouch_button.c estimated size: 2382

C:\Program Files\Microchip\xc8\v2.30\pic\sources\c99\common\abs.c
		_abs           		CODE           	311A	0000	64

C:\Program Files\Microchip\xc8\v2.30\pic\sources\c99\common\abs.c estimated size: 64

C:\Program Files\Microchip\xc8\v2.30\pic\sources\c99\common\memcpy.c
		_memcpy        		CODE           	2D88	0000	86

C:\Program Files\Microchip\xc8\v2.30\pic\sources\c99\common\memcpy.c estimated size: 86

mcc_generated_files/interrupt_manager.c
		_INTERRUPT_Initialize		CODE           	383E	0000	4
		_INTERRUPT_InterruptManager		CODE           	0008	0000	178

mcc_generated_files/interrupt_manager.c estimated size: 182

mcc_generated_files/mtouch/mtouch.c
		_MTOUCH_Tick   		CODE           	381A	0000	6
		_MTOUCH_Initialize		CODE           	3788	0000	18
		_MTOUCH_Service_Mainloop		CODE           	2FBE	0000	76
		_MTOUCH_needReburst		CODE           	3826	0000	4

mcc_generated_files/mtouch/mtouch.c estimated size: 104

RGB4x4Click.c
		_RGBLed_InitDiode		CODE           	2958	0000	138
		_RGBLed_ResetDelay		CODE           	3776	0000	18
		_RGBLed_SetDiode		CODE           	28CC	0000	140
		_RGBLed_SetColor		CODE           	0F34	0000	1322
		_FillScreen    		CODE           	3344	0000	56
		_reverse       		CODE           	2E30	0000	82

RGB4x4Click.c estimated size: 1756

mcc_generated_files/pin_manager.c
		_PIN_MANAGER_Initialize		CODE           	29E2	0000	124

mcc_generated_files/pin_manager.c estimated size: 124

shared
		i2_Sensor_scheduleNextScan		CODE           	1B9E	0000	406
		i2_Sensor_isCalibrated		CODE           	36D0	0000	32
		i2_abs         		CODE           	315A	0000	64
		i2_TMR3_WriteTimer		CODE           	3572	0000	40
		i2_Sensor_isCalibratingAcqTime		CODE           	36F0	0000	32
		__initialization		CODE           	2AD0	0000	98
		_mtouch_button_init		SMALLCONST     	0F01	0000	32
		_mtouch_sensor_init		SMALLCONST     	0F21	0000	18
		i2_TMR1_WriteTimer		CODE           	359A	0000	40
		i2_Sensor_SetTrisBit		CODE           	2F70	0000	78
		i2_MTOUCH_Sensor_wasSampled		CODE           	3254	0000	62
		i2_MTOUCH_Sensor_isEnabled		CODE           	3292	0000	62

shared estimated size: 964

mcc_generated_files/mcc.c
		_PMD_Initialize		CODE           	372E	0000	28
		_OSCILLATOR_Initialize		CODE           	374A	0000	24
		_SYSTEM_Initialize		CODE           	362E	0000	34

mcc_generated_files/mcc.c estimated size: 86

mcc_generated_files/tmr3.c
		_TMR3_ISR      		CODE           	3096	0000	66
		_TMR3_Initialize		CODE           	300A	0000	70
		_TMR3_SetInterruptHandler		CODE           	37BA	0000	14
		_TMR3_StopTimer		CODE           	382E	0000	4
		_TMR3_DefaultInterruptHandler		CODE           	384A	0000	2
		_TMR3_WriteTimer		CODE           	34D2	0000	40
		_TMR3_StartTimer		CODE           	3836	0000	4
		_TMR3_ReadTimer		CODE           	3690	0000	32

mcc_generated_files/tmr3.c estimated size: 232

mcc_generated_files/tmr1.c
		_TMR1_Initialize		CODE           	3050	0000	70
		_TMR1_SetInterruptHandler		CODE           	37C8	0000	14
		_TMR1_StopTimer		CODE           	3832	0000	4
		_TMR1_DefaultInterruptHandler		CODE           	384C	0000	2
		_TMR1_WriteTimer		CODE           	34FA	0000	40
		_TMR1_StartTimer		CODE           	383A	0000	4
		_TMR1_ReadTimer		CODE           	36B0	0000	32
		_TMR1_ISR      		CODE           	30D8	0000	66

mcc_generated_files/tmr1.c estimated size: 232

mcc_generated_files/adcc.c
		_ADCC_DefaultInterruptHandler		CODE           	384E	0000	2
		_ADCC_SetADTIInterruptHandler		CODE           	37D6	0000	14
		_ADCC_ThresholdISR		CODE           	33B4	0000	54
		_ADCC_Initialize		CODE           	2BA6	0000	102

mcc_generated_files/adcc.c estimated size: 172

application.c
		_applicationTask		CODE           	3814	0000	6
		_getBrightnessLevel		CODE           	2790	0000	160
		_updateLED     		CODE           	2B3C	0000	106
		_processButtonTouch		CODE           	2830	0000	156
		_getColorMask  		CODE           	2618	0000	202
		_processButtonRelease		CODE           	1830	0000	472

application.c estimated size: 1102

main.c
		_main          		CODE           	33EA	0000	52

main.c estimated size: 52

mcc_generated_files/mtouch/mtouch_sensor.c
		_MTOUCH_Sensor_isSamplingComplete		CODE           	2C70	0000	100
		_Sensor_setCalibrated		CODE           	3710	0000	30
		_MTOUCH_Sensor_isEnabled		CODE           	319A	0000	62
		_Sensor_FrequencyHopping_Autotune_Process		CODE           	1650	0000	480
		_Sensor_isCalibrated		CODE           	3670	0000	32
		_MTOUCH_Sensor_Initialize		CODE           	35E8	0000	36
		_Sensor_scheduleNextScan		CODE           	1A08	0000	406
		_Sensor_Sampled_Reset		CODE           	379A	0000	16
		_MTOUCH_Sensor_InitializeAll		CODE           	32D0	0000	58
		_MTOUCH_Sensor_Service		CODE           	2346	0000	262
		_Sensor_DefaultCallback		CODE           	3846	0000	2
		_MTOUCH_Sensor_ADCC_Initialize		CODE           	2F22	0000	78
		_MTOUCH_Sensor_postAcquisitionProcess		CODE           	2DDE	0000	82
		_medianFilter  		CODE           	145E	0000	498
		_MTOUCH_Sensor_isCalibrated		CODE           	3216	0000	62
		_MTOUCH_Sensor_Calibrate		CODE           	354A	0000	40
		_MTOUCH_Sensor_Sampled_ResetAll		CODE           	2E82	0000	82
		_MTOUCH_Sensor_Enable		CODE           	3522	0000	40
		_Sensor_setSampled		CODE           	37AA	0000	16
		_Sensor_isCalibratingAcqTime		CODE           	3650	0000	32
		_MTOUCH_Sensor_RawSample_Get		CODE           	337C	0000	56
		_MTOUCH_Sensor_SampleAll		CODE           	35C2	0000	38
		_MTOUCH_Sensor_wasSampled		CODE           	31D8	0000	62
		_Sensor_SetTrisBit		CODE           	2ED4	0000	78
		_Sensor_autoCalibration		CODE           	1EBC	0000	328
		_MTOUCH_Sensor_Scan_Initialize		CODE           	3820	0000	6
		_ADCC_ThresholdISR_mTouch		CODE           	380A	0000	10
		_Sensor_RawSample_Update		CODE           	2D32	0000	86
		_MTOUCH_Sensor_isSampling		CODE           	382A	0000	4
		_Sensor_setCalibratAcqTime		CODE           	344E	0000	48
		_Sensor_setSamplePeriod		CODE           	34AA	0000	40
		_Sensor_FrequencyHopping		CODE           	3800	0000	10

mcc_generated_files/mtouch/mtouch_sensor.c estimated size: 3180

